[10/260] ok=10 fail=0 skip=0 ... last: What This $1M/Mo Business Should Do Next
[12/260] FAIL dZR0bpdhWoc | Pov: 100+ Entrepreneurs Scaling To $1M/Month Meet  | AttributeError: type object 'YouTubeTranscriptApi' has no attribute 'get_transcript'
[21/260] ok=20 fail=1 skip=0 ... last: Watch Me LIVE Scale This $200K/Month Age
[31/260] ok=30 fail=1 skip=0 ... last: $300K/Mo Vs $1M/Mo Offers: What Actually
[41/260] ok=40 fail=1 skip=0 ... last: How To Scale A Call Funnel To $1M/Month 
[51/260] ok=50 fail=1 skip=0 ... last: Give Me 24 Mins… And I’ll Show You How T
[56/260] FAIL _SXkqwoYwoQ | POV: 150+ Business Owners Scaling To $1M/Month Mee | AttributeError: type object 'YouTubeTranscriptApi' has no attribute 'get_transcript'
[57/260] FAIL 1jMm0wGVu4w | This $300K/Mo Ad Agency Spends $100K A Month On Ad | AttributeError: type object 'YouTubeTranscriptApi' has no attribute 'get_transcript'
[58/260] FAIL DOUviFVQtaQ | The Email Sequence That Converts Like Crazy (Steal | AttributeError: type object 'YouTubeTranscriptApi' has no attribute 'get_transcript'
[59/260] FAIL ps8wmpw8JXk | How To Build A High-Converting Webinar Funnel (Ste | AttributeError: type object 'YouTubeTranscriptApi' has no attribute 'get_transcript'
[60/260] FAIL AzrwXS8EQbU | Give Me 43 Mins, I’ll Show You How To Launch A Cal | AttributeError: type object 'YouTubeTranscriptApi' has no attribute 'get_transcript'
[61/260] FAIL xlNWQfpMQao | How To Build A Confirmation Page That Makes People | AttributeError: type object 'YouTubeTranscriptApi' has no attribute 'get_transcript'
[62/260] FAIL KNIJal9GqGY | How To Consistently Get Qualified Leads (Pixel Con | AttributeError: type object 'YouTubeTranscriptApi' has no attribute 'get_transcript'
[63/260] FAIL 0fiMk8He6g4 | How To Brainwash Your Market To Buy (Using Propaga | AttributeError: type object 'YouTubeTranscriptApi' has no attribute 'get_transcript'
[64/260] FAIL 1VxWGjtRikQ | Give Me 25 Minutes, And I'll Blow Up Your Call Fun | AttributeError: type object 'YouTubeTranscriptApi' has no attribute 'get_transcript'
[65/260] FAIL K_TruYzTz_s | I Hit $10M With My Offer - Here's What I Learned | AttributeError: type object 'YouTubeTranscriptApi' has no attribute 'get_transcript'
[66/260] FAIL 2Vhh8Er5kMo | Your Not Behind: Your Money Mindset NEEDS Fixing | AttributeError: type object 'YouTubeTranscriptApi' has no attribute 'get_transcript'
[67/260] FAIL OOc6FcMD_cA | Helping This $1.3M/Mo Marketing Agency Go From 3 C | AttributeError: type object 'YouTubeTranscriptApi' has no attribute 'get_transcript'
[68/260] FAIL IiUSTYpidJA | How To Build Webinar Funnels That Consistently Con | AttributeError: type object 'YouTubeTranscriptApi' has no attribute 'get_transcript'
[69/260] FAIL 0fmguwV_dMg | I Built A $100M+/Year Business Owner's Personal Br | AttributeError: type object 'YouTubeTranscriptApi' has no attribute 'get_transcript'
[70/260] FAIL SjWRcRug7u4 | This Video Is Your Sign To Take Getting Richer Ser | AttributeError: type object 'YouTubeTranscriptApi' has no attribute 'get_transcript'
[71/260] FAIL KsVvVpoWQpc | He Scaled From $200k/Month To $1M/Month, Here’s Ho | AttributeError: type object 'YouTubeTranscriptApi' has no attribute 'get_transcript'
[72/260] FAIL 5xz4Qwd22o4 | Why You NEED to Go All In on Paid Ads For Your Bus | AttributeError: type object 'YouTubeTranscriptApi' has no attribute 'get_transcript'
[73/260] FAIL mYgAZqmtd8g | How To Take Aggressive Action Like The Top 0.1% Of | AttributeError: type object 'YouTubeTranscriptApi' has no attribute 'get_transcript'
[74/260] FAIL LUTXzYY09BY | How To FORCE Meta To Bring You Only Ideal Buyers ( | AttributeError: type object 'YouTubeTranscriptApi' has no attribute 'get_transcript'
[75/260] FAIL aX_UcZAdr7E | THIS System Makes Cold Leads Show Up Ready To Buy  | AttributeError: type object 'YouTubeTranscriptApi' has no attribute 'get_transcript'
[76/260] FAIL K8wTVILM4zA | The Only Paid Advertising Strategy You Need To Sca | AttributeError: type object 'YouTubeTranscriptApi' has no attribute 'get_transcript'
[77/260] FAIL 4b9Ivc74w70 | He's Working On The Wrong Things At $200K/Mo, So I | AttributeError: type object 'YouTubeTranscriptApi' has no attribute 'get_transcript'
[78/260] FAIL jPCdfQczBgc | How To Create Offers Rich People ACTUALLY Buy (ULT | AttributeError: type object 'YouTubeTranscriptApi' has no attribute 'get_transcript'
[79/260] FAIL L1wO6XjhTuc | 1 Course Seller vs 10 Skeptics | AttributeError: type object 'YouTubeTranscriptApi' has no attribute 'get_transcript'
[80/260] FAIL VCIsPNj6JyA | Webinars Are Now on ‘Easy Mode’ (Do This Before Ev | AttributeError: type object 'YouTubeTranscriptApi' has no attribute 'get_transcript'
[81/260] FAIL h5hglsEeDM0 | Selling To The Rich Vs The Public - Everything You | AttributeError: type object 'YouTubeTranscriptApi' has no attribute 'get_transcript'
[82/260] FAIL cscM_KmpBgY | Someone STOLE My “DSL” Strategy, So Here’s The Ori | AttributeError: type object 'YouTubeTranscriptApi' has no attribute 'get_transcript'
[83/260] FAIL 7GWgBCN_hlA | I Ranked The Best & Worst Marketing Funnels For Hi | AttributeError: type object 'YouTubeTranscriptApi' has no attribute 'get_transcript'
[84/260] FAIL KbBFbcHnc0c | Exposing How He Went From $200K to $650K/Month In  | AttributeError: type object 'YouTubeTranscriptApi' has no attribute 'get_transcript'
[85/260] FAIL el6iZz-GIxA | 51 Minutes Of No BS Lessons On Getting A F*ckload  | AttributeError: type object 'YouTubeTranscriptApi' has no attribute 'get_transcript'
[86/260] FAIL bZe1YnKTBCE | This $1.8M/Month Business Has A VSL Problem Nobody | AttributeError: type object 'YouTubeTranscriptApi' has no attribute 'get_transcript'
[87/260] FAIL QTOHLhShL9c | LIVE Fixing This $250K/Mo Agency's 2.3% Call Funne | AttributeError: type object 'YouTubeTranscriptApi' has no attribute 'get_transcript'
[88/260] FAIL biOjWH8eJXU | How To Build A Profitable Low-To-High Ticket Funne | AttributeError: type object 'YouTubeTranscriptApi' has no attribute 'get_transcript'
[89/260] FAIL XoV_-4zueX0 | Low to High Ticket Funnels Are CRUSHING, Here’s th | AttributeError: type object 'YouTubeTranscriptApi' has no attribute 'get_transcript'
[90/260] FAIL EdGkOy4spyo | Tweaker Mode: What It ACTUALLY Takes To Win In Bus | AttributeError: type object 'YouTubeTranscriptApi' has no attribute 'get_transcript'
[91/260] FAIL 4fae9a7mbp8 | This Retargeting Strategy Will EXPLODE Your Sales  | AttributeError: type object 'YouTubeTranscriptApi' has no attribute 'get_transcript'
[92/260] FAIL YldqVp0ZUzM | How To Master Messaging To Attract ONLY Qualified  | AttributeError: type object 'YouTubeTranscriptApi' has no attribute 'get_transcript'
[93/260] FAIL OZI8R6tdzMM | The Exact Roadmap I Gave This $180K/Mo Podcast Age | AttributeError: type object 'YouTubeTranscriptApi' has no attribute 'get_transcript'
[94/260] FAIL HxNLc8sKu2Q | The Best Cold Paid Advertising Strategies Working  | AttributeError: type object 'YouTubeTranscriptApi' has no attribute 'get_transcript'
[95/260] FAIL RQYB5zGMwyM | Exactly How I'd Scale A Business To $1M/Month (Ste | AttributeError: type object 'YouTubeTranscriptApi' has no attribute 'get_transcript'
[96/260] FAIL dP8M1RcAe-c | I Fixed This $200K+/Mo Coaching Business's Paid Ad | AttributeError: type object 'YouTubeTranscriptApi' has no attribute 'get_transcript'
[97/260] FAIL 9ScZt7xcVpM | Inside A Private $1,000,000/Month Business Masterm | AttributeError: type object 'YouTubeTranscriptApi' has no attribute 'get_transcript'
[98/260] FAIL z6PzaHceKYQ | A Room Of 8+ Figure Business Owners Asked Me How T | AttributeError: type object 'YouTubeTranscriptApi' has no attribute 'get_transcript'
[99/260] FAIL RNVyC7ctSnw | The BEST Cold Paid Advertising Strategies (Full Ma | AttributeError: type object 'YouTubeTranscriptApi' has no attribute 'get_transcript'
[100/260] FAIL g5UjuEVcp3E | I Showed A Room Of 8+ Figure Businesses How To Pri | AttributeError: type object 'YouTubeTranscriptApi' has no attribute 'get_transcript'
[101/260] FAIL X52KGPh0ugA | How To Think Like A $1M/Month Business Owner | AttributeError: type object 'YouTubeTranscriptApi' has no attribute 'get_transcript'
[102/260] FAIL h-XgFro-z78 | The BEST Way To Advertise to Rich People (2025+) | AttributeError: type object 'YouTubeTranscriptApi' has no attribute 'get_transcript'
[103/260] FAIL DZ5oeOyKUys | How To Actually Scale A Webinar Funnel Profitably  | AttributeError: type object 'YouTubeTranscriptApi' has no attribute 'get_transcript'
[104/260] FAIL WClKHM9aKPE | 2.62% Opt-In Rate. $460K/Mo Marketing Agency. Live | AttributeError: type object 'YouTubeTranscriptApi' has no attribute 'get_transcript'
[105/260] FAIL Z5LG8QtpBTs | The ONLY System You Need To Get 80%+ Of People To  | AttributeError: type object 'YouTubeTranscriptApi' has no attribute 'get_transcript'
[106/260] FAIL GOaaqiZ-k0M | Ranking The Best & Worst Marketing Funnels To Scal | AttributeError: type object 'YouTubeTranscriptApi' has no attribute 'get_transcript'
[107/260] FAIL VkpyW0eJJ6E | 26 Minutes Of The BEST Marketing Advice On The Int | AttributeError: type object 'YouTubeTranscriptApi' has no attribute 'get_transcript'
[108/260] FAIL C8jsByHyB-I | Your Beliefs Are Killing Your Bank Account | AttributeError: type object 'YouTubeTranscriptApi' has no attribute 'get_transcript'
[109/260] FAIL 2fyCiOkp9cA | POV: You Join A Mastermind Of 100+ Entrepreneurs T | AttributeError: type object 'YouTubeTranscriptApi' has no attribute 'get_transcript'
[110/260] FAIL 42MH8T01or8 | How To Master Cold Paid Advertising To Scale Consi | AttributeError: type object 'YouTubeTranscriptApi' has no attribute 'get_transcript'
[111/260] FAIL ZFDl1SRIK8s | The Best Way To Test Ad Creatives At Every Budget  | AttributeError: type object 'YouTubeTranscriptApi' has no attribute 'get_transcript'
[112/260] FAIL AgeyENnMsNk | The Blueprint To Scaling a VSL Call Funnel (Top Be | AttributeError: type object 'YouTubeTranscriptApi' has no attribute 'get_transcript'
[113/260] FAIL a9qeY_A89X8 | Watch Me LIVE Scale This $508K/Month Info Business | AttributeError: type object 'YouTubeTranscriptApi' has no attribute 'get_transcript'
[114/260] FAIL PwfuuokLx0o | Steal This Checklist To Instantly Increase Your Sh | AttributeError: type object 'YouTubeTranscriptApi' has no attribute 'get_transcript'
[115/260] FAIL sQ2diSyCd1w | Watch Me LIVE Fix This $114K/Mo Content Agency In  | AttributeError: type object 'YouTubeTranscriptApi' has no attribute 'get_transcript'
[116/260] FAIL lNtDXBG1pUc | We’ve Tested Every High-Ticket Funnel, Here’s What | AttributeError: type object 'YouTubeTranscriptApi' has no attribute 'get_transcript'
[117/260] FAIL JmC6SDhP9ec | The Follow-Up System Behind The Top 0.1% Businesse | AttributeError: type object 'YouTubeTranscriptApi' has no attribute 'get_transcript'
[118/260] FAIL fSmb3vHw0xw | The BEST Strategy To Keep Ads Profitable [FOREVER] | AttributeError: type object 'YouTubeTranscriptApi' has no attribute 'get_transcript'
[119/260] FAIL 5Tb7x4NRbFI | How We Did $3.4M With a 3-Day Challenge Funnel (Fu | AttributeError: type object 'YouTubeTranscriptApi' has no attribute 'get_transcript'
[120/260] FAIL fBi_jHpaQAM | How To Retain Clients SO Well They Never Leave (Fu | AttributeError: type object 'YouTubeTranscriptApi' has no attribute 'get_transcript'
[121/260] FAIL CVY9pBfJsck | If I Took Over Your Business For 30 Days, I'd Do T | AttributeError: type object 'YouTubeTranscriptApi' has no attribute 'get_transcript'
[122/260] FAIL sISIM77msf4 | How To ACTUALLY Attract Rich Buyers With Your Mess | AttributeError: type object 'YouTubeTranscriptApi' has no attribute 'get_transcript'
[123/260] FAIL R_YwdxNxcWI | How To Make Your Fulfillment Better Than 99% Of Bu | AttributeError: type object 'YouTubeTranscriptApi' has no attribute 'get_transcript'
[124/260] FAIL P1v-AN3So3A | The Most Valuable Webinar Training You'll Ever Wat | AttributeError: type object 'YouTubeTranscriptApi' has no attribute 'get_transcript'
[125/260] FAIL wvNsbJrfD-U | He's Tolerated Being Stuck At $600K/Mo. I Called H | AttributeError: type object 'YouTubeTranscriptApi' has no attribute 'get_transcript'
[126/260] FAIL KSycJJtFthE | Everything I’ve Learned From 10+ Years Of Scaling  | AttributeError: type object 'YouTubeTranscriptApi' has no attribute 'get_transcript'
[127/260] FAIL sYofhOZxx4Q | How To 3X Your Show Rate With ONE Video (Buyer Psy | AttributeError: type object 'YouTubeTranscriptApi' has no attribute 'get_transcript'
[128/260] FAIL smYur3pjlJ8 | Meta’s 2025 Ad Restrictions Is Alarming, Here’s Wh | AttributeError: type object 'YouTubeTranscriptApi' has no attribute 'get_transcript'
[129/260] FAIL AXhaUIoBNOg | Create These “Propaganda” Ads To Instantly Explode | AttributeError: type object 'YouTubeTranscriptApi' has no attribute 'get_transcript'
[130/260] FAIL sP6lnt__lXM | Breaking Down The 5 Businesses That Scaled To $1M/ | AttributeError: type object 'YouTubeTranscriptApi' has no attribute 'get_transcript'
[131/260] FAIL WTrl_dZsLBM | How To Plan For $1M Months In 2026 (Full Year Road | AttributeError: type object 'YouTubeTranscriptApi' has no attribute 'get_transcript'
