[10/260] ok=10 fail=0 skip=0 ... last: What This $1M/Mo Business Should Do Next
[12/260] FAIL dZR0bpdhWoc | Pov: 100+ Entrepreneurs Scaling To $1M/Month Meet  | AttributeError: type object 'YouTubeTranscriptApi' has no attribute 'get_transcript'
[21/260] ok=20 fail=1 skip=0 ... last: Watch Me LIVE Scale This $200K/Month Age
[31/260] ok=30 fail=1 skip=0 ... last: $300K/Mo Vs $1M/Mo Offers: What Actually
[41/260] ok=40 fail=1 skip=0 ... last: How To Scale A Call Funnel To $1M/Month 
[51/260] ok=50 fail=1 skip=0 ... last: Give Me 24 Mins… And I’ll Show You How T
[56/260] FAIL _SXkqwoYwoQ | POV: 150+ Business Owners Scaling To $1M/Month Mee | AttributeError: type object 'YouTubeTranscriptApi' has no attribute 'get_transcript'
[57/260] FAIL 1jMm0wGVu4w | This $300K/Mo Ad Agency Spends $100K A Month On Ad | AttributeError: type object 'YouTubeTranscriptApi' has no attribute 'get_transcript'
[58/260] FAIL DOUviFVQtaQ | The Email Sequence That Converts Like Crazy (Steal | AttributeError: type object 'YouTubeTranscriptApi' has no attribute 'get_transcript'
[59/260] FAIL ps8wmpw8JXk | How To Build A High-Converting Webinar Funnel (Ste | AttributeError: type object 'YouTubeTranscriptApi' has no attribute 'get_transcript'
[60/260] FAIL AzrwXS8EQbU | Give Me 43 Mins, I’ll Show You How To Launch A Cal | AttributeError: type object 'YouTubeTranscriptApi' has no attribute 'get_transcript'
[61/260] FAIL xlNWQfpMQao | How To Build A Confirmation Page That Makes People | AttributeError: type object 'YouTubeTranscriptApi' has no attribute 'get_transcript'
[62/260] FAIL KNIJal9GqGY | How To Consistently Get Qualified Leads (Pixel Con | AttributeError: type object 'YouTubeTranscriptApi' has no attribute 'get_transcript'
[63/260] FAIL 0fiMk8He6g4 | How To Brainwash Your Market To Buy (Using Propaga | AttributeError: type object 'YouTubeTranscriptApi' has no attribute 'get_transcript'
[64/260] FAIL 1VxWGjtRikQ | Give Me 25 Minutes, And I'll Blow Up Your Call Fun | AttributeError: type object 'YouTubeTranscriptApi' has no attribute 'get_transcript'
[65/260] FAIL K_TruYzTz_s | I Hit $10M With My Offer - Here's What I Learned | AttributeError: type object 'YouTubeTranscriptApi' has no attribute 'get_transcript'
[66/260] FAIL 2Vhh8Er5kMo | Your Not Behind: Your Money Mindset NEEDS Fixing | AttributeError: type object 'YouTubeTranscriptApi' has no attribute 'get_transcript'
[67/260] FAIL OOc6FcMD_cA | Helping This $1.3M/Mo Marketing Agency Go From 3 C | AttributeError: type object 'YouTubeTranscriptApi' has no attribute 'get_transcript'
[68/260] FAIL IiUSTYpidJA | How To Build Webinar Funnels That Consistently Con | AttributeError: type object 'YouTubeTranscriptApi' has no attribute 'get_transcript'
[69/260] FAIL 0fmguwV_dMg | I Built A $100M+/Year Business Owner's Personal Br | AttributeError: type object 'YouTubeTranscriptApi' has no attribute 'get_transcript'
[70/260] FAIL SjWRcRug7u4 | This Video Is Your Sign To Take Getting Richer Ser | AttributeError: type object 'YouTubeTranscriptApi' has no attribute 'get_transcript'
[71/260] FAIL KsVvVpoWQpc | He Scaled From $200k/Month To $1M/Month, Here’s Ho | AttributeError: type object 'YouTubeTranscriptApi' has no attribute 'get_transcript'
[72/260] FAIL 5xz4Qwd22o4 | Why You NEED to Go All In on Paid Ads For Your Bus | AttributeError: type object 'YouTubeTranscriptApi' has no attribute 'get_transcript'
[73/260] FAIL mYgAZqmtd8g | How To Take Aggressive Action Like The Top 0.1% Of | AttributeError: type object 'YouTubeTranscriptApi' has no attribute 'get_transcript'
[74/260] FAIL LUTXzYY09BY | How To FORCE Meta To Bring You Only Ideal Buyers ( | AttributeError: type object 'YouTubeTranscriptApi' has no attribute 'get_transcript'
[75/260] FAIL aX_UcZAdr7E | THIS System Makes Cold Leads Show Up Ready To Buy  | AttributeError: type object 'YouTubeTranscriptApi' has no attribute 'get_transcript'
[76/260] FAIL K8wTVILM4zA | The Only Paid Advertising Strategy You Need To Sca | AttributeError: type object 'YouTubeTranscriptApi' has no attribute 'get_transcript'
[77/260] FAIL 4b9Ivc74w70 | He's Working On The Wrong Things At $200K/Mo, So I | AttributeError: type object 'YouTubeTranscriptApi' has no attribute 'get_transcript'
[78/260] FAIL jPCdfQczBgc | How To Create Offers Rich People ACTUALLY Buy (ULT | AttributeError: type object 'YouTubeTranscriptApi' has no attribute 'get_transcript'
[79/260] FAIL L1wO6XjhTuc | 1 Course Seller vs 10 Skeptics | AttributeError: type object 'YouTubeTranscriptApi' has no attribute 'get_transcript'
[80/260] FAIL VCIsPNj6JyA | Webinars Are Now on ‘Easy Mode’ (Do This Before Ev | AttributeError: type object 'YouTubeTranscriptApi' has no attribute 'get_transcript'
[81/260] FAIL h5hglsEeDM0 | Selling To The Rich Vs The Public - Everything You | AttributeError: type object 'YouTubeTranscriptApi' has no attribute 'get_transcript'
[82/260] FAIL cscM_KmpBgY | Someone STOLE My “DSL” Strategy, So Here’s The Ori | AttributeError: type object 'YouTubeTranscriptApi' has no attribute 'get_transcript'
[83/260] FAIL 7GWgBCN_hlA | I Ranked The Best & Worst Marketing Funnels For Hi | AttributeError: type object 'YouTubeTranscriptApi' has no attribute 'get_transcript'
[84/260] FAIL KbBFbcHnc0c | Exposing How He Went From $200K to $650K/Month In  | AttributeError: type object 'YouTubeTranscriptApi' has no attribute 'get_transcript'
[85/260] FAIL el6iZz-GIxA | 51 Minutes Of No BS Lessons On Getting A F*ckload  | AttributeError: type object 'YouTubeTranscriptApi' has no attribute 'get_transcript'
[86/260] FAIL bZe1YnKTBCE | This $1.8M/Month Business Has A VSL Problem Nobody | AttributeError: type object 'YouTubeTranscriptApi' has no attribute 'get_transcript'
[87/260] FAIL QTOHLhShL9c | LIVE Fixing This $250K/Mo Agency's 2.3% Call Funne | AttributeError: type object 'YouTubeTranscriptApi' has no attribute 'get_transcript'
[88/260] FAIL biOjWH8eJXU | How To Build A Profitable Low-To-High Ticket Funne | AttributeError: type object 'YouTubeTranscriptApi' has no attribute 'get_transcript'
[89/260] FAIL XoV_-4zueX0 | Low to High Ticket Funnels Are CRUSHING, Here’s th | AttributeError: type object 'YouTubeTranscriptApi' has no attribute 'get_transcript'
[90/260] FAIL EdGkOy4spyo | Tweaker Mode: What It ACTUALLY Takes To Win In Bus | AttributeError: type object 'YouTubeTranscriptApi' has no attribute 'get_transcript'
[91/260] FAIL 4fae9a7mbp8 | This Retargeting Strategy Will EXPLODE Your Sales  | AttributeError: type object 'YouTubeTranscriptApi' has no attribute 'get_transcript'
[92/260] FAIL YldqVp0ZUzM | How To Master Messaging To Attract ONLY Qualified  | AttributeError: type object 'YouTubeTranscriptApi' has no attribute 'get_transcript'
[93/260] FAIL OZI8R6tdzMM | The Exact Roadmap I Gave This $180K/Mo Podcast Age | AttributeError: type object 'YouTubeTranscriptApi' has no attribute 'get_transcript'
[94/260] FAIL HxNLc8sKu2Q | The Best Cold Paid Advertising Strategies Working  | AttributeError: type object 'YouTubeTranscriptApi' has no attribute 'get_transcript'
[95/260] FAIL RQYB5zGMwyM | Exactly How I'd Scale A Business To $1M/Month (Ste | AttributeError: type object 'YouTubeTranscriptApi' has no attribute 'get_transcript'
[96/260] FAIL dP8M1RcAe-c | I Fixed This $200K+/Mo Coaching Business's Paid Ad | AttributeError: type object 'YouTubeTranscriptApi' has no attribute 'get_transcript'
[97/260] FAIL 9ScZt7xcVpM | Inside A Private $1,000,000/Month Business Masterm | AttributeError: type object 'YouTubeTranscriptApi' has no attribute 'get_transcript'
[98/260] FAIL z6PzaHceKYQ | A Room Of 8+ Figure Business Owners Asked Me How T | AttributeError: type object 'YouTubeTranscriptApi' has no attribute 'get_transcript'
[99/260] FAIL RNVyC7ctSnw | The BEST Cold Paid Advertising Strategies (Full Ma | AttributeError: type object 'YouTubeTranscriptApi' has no attribute 'get_transcript'
[100/260] FAIL g5UjuEVcp3E | I Showed A Room Of 8+ Figure Businesses How To Pri | AttributeError: type object 'YouTubeTranscriptApi' has no attribute 'get_transcript'
